// Jest Snapshot v1, https://jestjs.io/docs/snapshot-testing

exports[`Plan Week (Golden Regression) should deterministically generate the same schedule for a fixed context 1`] = `
[
  {
    "block_type": "sleep",
    "date": "2026-08-31",
    "end_time": "09:00",
    "start_time": "00:30",
    "title": "Sleep",
  },
  {
    "block_type": "routine",
    "date": "2026-08-31",
    "end_time": "09:45",
    "start_time": "09:00",
    "title": "Morning Routine",
  },
  {
    "block_type": "meal",
    "date": "2026-08-31",
    "end_time": "10:30",
    "start_time": "10:00",
    "title": "Breakfast",
  },
  {
    "block_type": "goal",
    "checklist": [
      {
        "text": "Focus session",
      },
      {
        "text": "Review progress",
      },
    ],
    "date": "2026-08-31",
    "end_time": "11:15",
    "energy_demand": "medium",
    "goal_id": "22303ca6-e56e-485c-96ed-dab2e1cae506",
    "pillar": "mind",
    "start_time": "10:45",
    "title": "Assignments",
  },
  {
    "block_type": "goal",
    "checklist": [
      {
        "text": "Warm up",
      },
      {
        "text": "Main session",
      },
      {
        "text": "Cool down",
      },
    ],
    "date": "2026-08-31",
    "end_time": "13:30",
    "energy_demand": "high",
    "goal_id": "43de1127-54dc-41a9-8dc8-a145d0b96148",
    "pillar": "body",
    "start_time": "11:30",
    "title": "Gym",
  },
  {
    "block_type": "meal",
    "date": "2026-08-31",
    "end_time": "14:15",
    "start_time": "13:30",
    "title": "Lunch",
  },
  {
    "block_type": "meal",
    "date": "2026-08-31",
    "end_time": "20:55",
    "start_time": "20:10",
    "title": "Dinner",
  },
  {
    "block_type": "sleep",
    "date": "2026-09-01",
    "end_time": "09:00",
    "start_time": "00:30",
    "title": "Sleep",
  },
  {
    "block_type": "routine",
    "date": "2026-09-01",
    "end_time": "09:45",
    "start_time": "09:00",
    "title": "Morning Routine",
  },
  {
    "block_type": "meal",
    "date": "2026-09-01",
    "end_time": "10:30",
    "start_time": "10:00",
    "title": "Breakfast",
  },
  {
    "block_type": "goal",
    "checklist": [
      {
        "text": "Focus session",
      },
      {
        "text": "Review progress",
      },
    ],
    "date": "2026-09-01",
    "end_time": "11:15",
    "energy_demand": "medium",
    "goal_id": "79873953-00a5-41e5-9caf-ec6b44b755d6",
    "pillar": "mind",
    "start_time": "10:45",
    "title": "Reading",
  },
  {
    "block_type": "goal",
    "checklist": [
      {
        "text": "Focus session",
      },
      {
        "text": "Review progress",
      },
    ],
    "date": "2026-09-01",
    "end_time": "12:45",
    "energy_demand": "medium",
    "goal_id": "4f4e18a4-b58a-421e-b3e8-6e5e75c93d11",
    "pillar": "craft",
    "start_time": "11:15",
    "title": "SiteSmith",
  },
  {
    "block_type": "meal",
    "date": "2026-09-01",
    "end_time": "14:15",
    "start_time": "13:30",
    "title": "Lunch",
  },
  {
    "block_type": "meal",
    "date": "2026-09-01",
    "end_time": "20:55",
    "start_time": "20:10",
    "title": "Dinner",
  },
  {
    "block_type": "sleep",
    "date": "2026-09-02",
    "end_time": "09:00",
    "start_time": "00:30",
    "title": "Sleep",
  },
  {
    "block_type": "routine",
    "date": "2026-09-02",
    "end_time": "09:45",
    "start_time": "09:00",
    "title": "Morning Routine",
  },
  {
    "block_type": "meal",
    "date": "2026-09-02",
    "end_time": "10:30",
    "start_time": "10:00",
    "title": "Breakfast",
  },
  {
    "block_type": "goal",
    "checklist": [
      {
        "text": "Focus session",
      },
      {
        "text": "Review progress",
      },
    ],
    "date": "2026-09-02",
    "end_time": "11:15",
    "energy_demand": "medium",
    "goal_id": "79873953-00a5-41e5-9caf-ec6b44b755d6",
    "pillar": "mind",
    "start_time": "10:45",
    "title": "Reading",
  },
  {
    "block_type": "goal",
    "checklist": [
      {
        "text": "Focus session",
      },
      {
        "text": "Review progress",
      },
    ],
    "date": "2026-09-02",
    "end_time": "12:45",
    "energy_demand": "medium",
    "goal_id": "4f4e18a4-b58a-421e-b3e8-6e5e75c93d11",
    "pillar": "craft",
    "start_time": "11:15",
    "title": "SiteSmith",
  },
  {
    "block_type": "meal",
    "date": "2026-09-02",
    "end_time": "14:15",
    "start_time": "13:30",
    "title": "Lunch",
  },
  {
    "block_type": "meal",
    "date": "2026-09-02",
    "end_time": "20:55",
    "start_time": "20:10",
    "title": "Dinner",
  },
  {
    "block_type": "sleep",
    "date": "2026-09-03",
    "end_time": "09:00",
    "start_time": "00:30",
    "title": "Sleep",
  },
  {
    "block_type": "routine",
    "date": "2026-09-03",
    "end_time": "09:45",
    "start_time": "09:00",
    "title": "Morning Routine",
  },
  {
    "block_type": "meal",
    "date": "2026-09-03",
    "end_time": "10:30",
    "start_time": "10:00",
    "title": "Breakfast",
  },
  {
    "block_type": "goal",
    "checklist": [
      {
        "text": "Focus session",
      },
      {
        "text": "Review progress",
      },
    ],
    "date": "2026-09-03",
    "end_time": "12:45",
    "energy_demand": "medium",
    "goal_id": "4f4e18a4-b58a-421e-b3e8-6e5e75c93d11",
    "pillar": "craft",
    "start_time": "11:15",
    "title": "SiteSmith",
  },
  {
    "block_type": "meal",
    "date": "2026-09-03",
    "end_time": "14:15",
    "start_time": "13:30",
    "title": "Lunch",
  },
  {
    "block_type": "goal",
    "checklist": [
      {
        "text": "Focus session",
      },
      {
        "text": "Review progress",
      },
    ],
    "date": "2026-09-03",
    "end_time": "15:30",
    "energy_demand": "medium",
    "goal_id": "22303ca6-e56e-485c-96ed-dab2e1cae506",
    "pillar": "mind",
    "start_time": "14:30",
    "title": "Assignments ",
  },
  {
    "block_type": "meal",
    "date": "2026-09-03",
    "end_time": "20:55",
    "start_time": "20:10",
    "title": "Dinner",
  },
  {
    "block_type": "sleep",
    "date": "2026-09-04",
    "end_time": "09:00",
    "start_time": "00:30",
    "title": "Sleep",
  },
  {
    "block_type": "routine",
    "date": "2026-09-04",
    "end_time": "09:45",
    "start_time": "09:00",
    "title": "Morning Routine",
  },
  {
    "block_type": "meal",
    "date": "2026-09-04",
    "end_time": "10:30",
    "start_time": "10:00",
    "title": "Breakfast",
  },
  {
    "block_type": "goal",
    "checklist": [
      {
        "text": "Focus session",
      },
      {
        "text": "Review progress",
      },
    ],
    "date": "2026-09-04",
    "end_time": "11:30",
    "energy_demand": "medium",
    "goal_id": "79873953-00a5-41e5-9caf-ec6b44b755d6",
    "pillar": "mind",
    "start_time": "10:45",
    "title": "Reading",
  },
  {
    "block_type": "goal",
    "checklist": [
      {
        "text": "Focus session",
      },
      {
        "text": "Review progress",
      },
    ],
    "date": "2026-09-04",
    "end_time": "12:30",
    "energy_demand": "medium",
    "goal_id": "4f4e18a4-b58a-421e-b3e8-6e5e75c93d11",
    "pillar": "craft",
    "start_time": "11:45",
    "title": "SiteSmith",
  },
  {
    "block_type": "meal",
    "date": "2026-09-04",
    "end_time": "14:15",
    "start_time": "13:30",
    "title": "Lunch",
  },
  {
    "block_type": "goal",
    "checklist": [
      {
        "text": "Focus session",
      },
      {
        "text": "Review progress",
      },
    ],
    "date": "2026-09-04",
    "end_time": "15:30",
    "energy_demand": "medium",
    "goal_id": "22303ca6-e56e-485c-96ed-dab2e1cae506",
    "pillar": "mind",
    "start_time": "14:30",
    "title": "Assignments ",
  },
  {
    "block_type": "meal",
    "date": "2026-09-04",
    "end_time": "21:15",
    "start_time": "20:30",
    "title": "Dinner",
  },
  {
    "block_type": "sleep",
    "date": "2026-09-05",
    "end_time": "09:00",
    "start_time": "00:30",
    "title": "Sleep",
  },
  {
    "block_type": "routine",
    "date": "2026-09-05",
    "end_time": "09:45",
    "start_time": "09:00",
    "title": "Morning Routine",
  },
  {
    "block_type": "meal",
    "date": "2026-09-05",
    "end_time": "10:30",
    "start_time": "10:00",
    "title": "Breakfast",
  },
  {
    "block_type": "meal",
    "date": "2026-09-05",
    "end_time": "14:15",
    "start_time": "13:30",
    "title": "Lunch",
  },
  {
    "block_type": "meal",
    "date": "2026-09-05",
    "end_time": "21:15",
    "start_time": "20:30",
    "title": "Dinner",
  },
  {
    "block_type": "sleep",
    "date": "2026-09-06",
    "end_time": "09:00",
    "start_time": "00:30",
    "title": "Sleep",
  },
  {
    "block_type": "routine",
    "date": "2026-09-06",
    "end_time": "09:45",
    "start_time": "09:00",
    "title": "Morning Routine",
  },
  {
    "block_type": "meal",
    "date": "2026-09-06",
    "end_time": "10:30",
    "start_time": "10:00",
    "title": "Breakfast",
  },
  {
    "block_type": "meal",
    "date": "2026-09-06",
    "end_time": "14:15",
    "start_time": "13:30",
    "title": "Lunch",
  },
  {
    "block_type": "meal",
    "date": "2026-09-06",
    "end_time": "21:15",
    "start_time": "20:30",
    "title": "Dinner",
  },
]
`;
